// Jest Snapshot v1, https://goo.gl/fbAQLP

exports[`listFunction transform 1`] = `
[
  "tests/ts/fixture/transformFunction.ts",
]
`;
