// Jest Snapshot v1, https://goo.gl/fbAQLP

exports[`listFunction transform 1`] = `Map {}`;
